<html>
<body>
<pre>
<h1>µVision Build Log</h1>
<h2>Tool Versions:</h2>
IDE-Version: ÂµVision V5.32.0.0
Copyright (C) 2020 ARM Ltd and ARM Germany GmbH. All rights reserved.
License Information: 1 2, 3, LIC=TIVNB-2F4SM-NNHAF-6QFDD-NC0LU-C1J40
 
Tool Versions:
Toolchain:       MDK-ARM Plus  Version: 5.32.0.0
Toolchain Path:  C:\Keil_v5\ARM\ARMCC\Bin
C Compiler:      Armcc.exe V5.06 update 7 (build 960)
Assembler:       Armasm.exe V5.06 update 7 (build 960)
Linker/Locator:  ArmLink.exe V5.06 update 7 (build 960)
Library Manager: ArmAr.exe V5.06 update 7 (build 960)
Hex Converter:   FromElf.exe V5.06 update 7 (build 960)
CPU DLL:         SARMCM3.DLL V5.32.0.0
Dialog DLL:      DCM.DLL V1.17.3.0
Target DLL:      STLink\ST-LINKIII-KEIL_SWO.dll V3.0.8.0
Dialog DLL:      TCM.DLL V1.46.0.0
 
<h2>Project:</h2>
C:\Users\MiLaptop\Desktop\RTOS\Projects\16_queueSet_mpu6050_game\MDK-ARM\01_freertos_template.uvprojx
Project File Date:  11/20/2024

<h2>Output:</h2>
*** Using Compiler 'V5.06 update 7 (build 960)', folder: 'C:\Keil_v5\ARM\ARMCC\Bin'
Build target '01_freertos_template'
assembling startup_stm32f103xb.s...
compiling music.c...
compiling usart.c...
compiling gpio.c...
compiling adc.c...
compiling main.c...
compiling spi.c...
compiling i2c.c...
compiling stm32f1xx_hal_timebase_tim.c...
compiling tim.c...
compiling stm32f1xx_hal_msp.c...
compiling stm32f1xx_hal_gpio_ex.c...
compiling usb.c...
compiling stm32f1xx_it.c...
compiling stm32f1xx_hal_adc.c...
compiling stm32f1xx_hal_adc_ex.c...
compiling freertos.c...
../Core/Src/freertos.c(170): warning:  #177-D: variable "len"  was declared but never referenced
    int len;
../Core/Src/freertos.c(174): warning:  #550-D: variable "ret"  was set but never used
  	BaseType_t ret;
../Core/Src/freertos.c(69): warning:  #177-D: variable "g_pucStackOfLightTask"  was declared but never referenced
  static StackType_t g_pucStackOfLightTask[128];
../Core/Src/freertos.c(70): warning:  #177-D: variable "g_TCBofLightTask"  was declared but never referenced
  static StaticTask_t g_TCBofLightTask;
../Core/Src/freertos.c(71): warning:  #177-D: variable "xLightTaskHandle"  was declared but never referenced
  static TaskHandle_t xLightTaskHandle;
../Core/Src/freertos.c(73): warning:  #177-D: variable "g_pucStackOfColorTask"  was declared but never referenced
  static StackType_t g_pucStackOfColorTask[128];
../Core/Src/freertos.c(74): warning:  #177-D: variable "g_TCBofColorTask"  was declared but never referenced
  static StaticTask_t g_TCBofColorTask;
../Core/Src/freertos.c(75): warning:  #177-D: variable "xColorTaskHandle"  was declared but never referenced
  static TaskHandle_t xColorTaskHandle;
../Core/Src/freertos.c: 8 warnings, 0 errors
compiling stm32f1xx_hal.c...
compiling stm32f1xx_hal_flash_ex.c...
compiling stm32f1xx_hal_rcc_ex.c...
compiling stm32f1xx_hal_gpio.c...
compiling stm32f1xx_hal_exti.c...
compiling stm32f1xx_hal_spi.c...
compiling stm32f1xx_hal_dma.c...
compiling stm32f1xx_hal_cortex.c...
compiling stm32f1xx_hal_rcc.c...
compiling stm32f1xx_hal_pwr.c...
compiling stm32f1xx_hal_tim_ex.c...
compiling stm32f1xx_hal_flash.c...
compiling stm32f1xx_hal_tim.c...
compiling stm32f1xx_hal_pcd.c...
compiling list.c...
compiling croutine.c...
compiling stm32f1xx_hal_pcd_ex.c...
compiling stm32f1xx_hal_uart.c...
compiling stm32f1xx_hal_i2c.c...
compiling event_groups.c...
compiling timers.c...
compiling stream_buffer.c...
compiling queue.c...
compiling tasks.c...
compiling heap_4.c...
compiling stm32f1xx_ll_usb.c...
compiling driver_lcd.c...
compiling cmsis_os2.c...
compiling port.c...
compiling system_stm32f1xx.c...
compiling driver_active_buzzer.c...
compiling driver_timer.c...
compiling driver_passive_buzzer.c...
compiling driver_light_sensor.c...
compiling driver_dht11.c...
compiling driver_spiflash_w25q64.c...
compiling driver_ds18b20.c...
compiling driver_ultrasonic_sr04.c...
compiling driver_ir_obstacle.c...
compiling driver_color_led.c...
compiling driver_ir_sender.c...
compiling driver_oled.c...
..\Drivers\DshanMCU-F103\driver_oled.c(757): warning:  #223-D: function "memset" declared implicitly
      memset(oledBuffer, 0, sizeof(oledBuffer));
..\Drivers\DshanMCU-F103\driver_oled.c(137): warning:  #177-D: function "OLED_WriteData"  was declared but never referenced
  static int OLED_WriteData(uint8_t data)
..\Drivers\DshanMCU-F103\driver_oled.c(185): warning:  #177-D: function "OLED_H_Scroll"  was declared but never referenced
  static void OLED_H_Scroll(H_SCROLL_DIR dir, uint8_t start, uint8_t fr_time, uint8_t end)
..\Drivers\DshanMCU-F103\driver_oled.c(209): warning:  #177-D: function "OLED_HV_Scroll"  was declared but never referenced
  static void OLED_HV_Scroll(HV_SCROLL_DIR dir, uint8_t start, uint8_t fr_time, uint8_t end, uint8_t offset)
..\Drivers\DshanMCU-F103\driver_oled.c(229): warning:  #177-D: function "OLED_SetVScrollArea"  was declared but never referenced
  static void OLED_SetVScrollArea(uint8_t area, uint8_t row_num)
..\Drivers\DshanMCU-F103\driver_oled.c(278): warning:  #177-D: function "OLED_SetColAddr_HV"  was declared but never referenced
  static void OLED_SetColAddr_HV(uint8_t start, uint8_t end)
..\Drivers\DshanMCU-F103\driver_oled.c(295): warning:  #177-D: function "OLED_SetPageAddr_HV"  was declared but never referenced
  static void OLED_SetPageAddr_HV(uint8_t start, uint8_t end)
..\Drivers\DshanMCU-F103\driver_oled.c(401): warning:  #177-D: function "OLED_SetPreChargePeriod"  was declared but never referenced
  static void OLED_SetPreChargePeriod(uint8_t phase1, uint8_t phase2)
..\Drivers\DshanMCU-F103\driver_oled.c(415): warning:  #177-D: function "OLED_SetVcomhLevel"  was declared but never referenced
  static void OLED_SetVcomhLevel(VCOMH_LEVEL level)
..\Drivers\DshanMCU-F103\driver_oled.c: 9 warnings, 0 errors
compiling driver_ir_receiver.c...
..\Drivers\DshanMCU-F103\driver_ir_receiver.c(81): warning:  #177-D: function "PutKeyToBuf"  was declared but never referenced
  static void PutKeyToBuf(unsigned char key)
..\Drivers\DshanMCU-F103\driver_ir_receiver.c: 1 warning, 0 errors
compiling driver_mpu6050.c...
..\Drivers\DshanMCU-F103\driver_mpu6050.c(240): warning:  #223-D: function "acos" declared implicitly
  		result->angle_x = (int32_t)(acos((double)((double)(AccX + MPU6050_X_ACCEL_OFFSET) / 16384.0)) * 57.29577);
..\Drivers\DshanMCU-F103\driver_mpu6050.c(263): warning:  #223-D: function "vTaskDelay" declared implicitly
              vTaskDelay(30); 
..\Drivers\DshanMCU-F103\driver_mpu6050.c: 2 warnings, 0 errors
compiling driver_led.c...
..\Drivers\DshanMCU-F103\driver_led.c(88): warning:  #223-D: function "vTaskDelay" declared implicitly
          vTaskDelay(500);
..\Drivers\DshanMCU-F103\driver_led.c: 1 warning, 0 errors
compiling resources.c...
compiling draw.c...
compiling game1.c...
..\nwatch\game1.c(94): warning:  #177-D: variable "dev"  was declared but never referenced
      uint8_t dev, data, last_data;
..\nwatch\game1.c(94): warning:  #177-D: variable "data"  was declared but never referenced
      uint8_t dev, data, last_data;
..\nwatch\game1.c(94): warning:  #177-D: variable "last_data"  was declared but never referenced
      uint8_t dev, data, last_data;
..\nwatch\game1.c(195): warning:  #177-D: variable "cnt"  was declared but never referenced
  	uint32_t cnt = 0;
..\nwatch\game1.c(274): warning:  #223-D: function "memset" declared implicitly
      memset(blocks, 0, BLOCK_COUNT);
..\nwatch\game1.c(242): warning:  #177-D: variable "dev"  was declared but never referenced
      uint8_t dev, data, last_data;
..\nwatch\game1.c(242): warning:  #177-D: variable "data"  was declared but never referenced
      uint8_t dev, data, last_data;
..\nwatch\game1.c(242): warning:  #177-D: variable "last_data"  was declared but never referenced
      uint8_t dev, data, last_data;
..\nwatch\game1.c(323): warning:  #177-D: variable "platformXtmp"  was declared but never referenced
  	byte platformXtmp = platformX;
..\nwatch\game1.c(290): warning:  #177-D: function "btnExit"  was declared but never referenced
  static bool btnExit()
..\nwatch\game1.c(307): warning:  #177-D: function "btnRight"  was declared but never referenced
  static bool btnRight()
..\nwatch\game1.c(313): warning:  #177-D: function "btnLeft"  was declared but never referenced
  static bool btnLeft()
..\nwatch\game1.c(77): warning:  #550-D: variable "g_framebuffer"  was set but never used
  static uint8_t *g_framebuffer;
..\nwatch\game1.c: 13 warnings, 0 errors
compiling driver_irq.c...
compiling driver_key.c...
compiling driver_motor.c...
compiling driver_rotary_encoder.c...
compiling driver_uart.c...
..\Drivers\DshanMCU-F103\driver_uart.c(85): warning:  #2748-D: null argument provided for parameter marked with attribute "nonnull"
          c = fgetc(NULL);
..\Drivers\DshanMCU-F103\driver_uart.c: 1 warning, 0 errors
linking...
Program Size: Code=27300 RO-data=3008 RW-data=4296 ZI-data=14040  
FromELF: creating hex file...
"01_freertos_template\01_freertos_template.axf" - 0 Error(s), 35 Warning(s).

<h2>Software Packages used:</h2>

Package Vendor: ARM
                http://www.keil.com/pack/ARM.CMSIS.5.7.0.pack
                ARM.CMSIS.5.7.0
                CMSIS (Cortex Microcontroller Software Interface Standard)
   * Component: CORE Version: 5.4.0

Package Vendor: Keil
                https://www.keil.com/pack/Keil.STM32F1xx_DFP.2.4.1.pack
                Keil.STM32F1xx_DFP.2.4.1
                STMicroelectronics STM32F1 Series Device Support, Drivers and Examples

<h2>Collection of Component include folders:</h2>
  .\RTE\_01_freertos_template
  C:\Keil_v5\ARM\PACK\ARM\CMSIS\5.7.0\CMSIS\Core\Include
  C:\Keil_v5\ARM\PACK\Keil\STM32F1xx_DFP\2.4.1\Device\Include

<h2>Collection of Component Files used:</h2>

   * Component: ARM::CMSIS:CORE:5.4.0
      Include file:  CMSIS\Core\Include\tz_context.h
Build Time Elapsed:  00:00:15
</pre>
</body>
</html>
